// Vitest Snapshot v1, https://vitest.dev/guide/snapshot.html

exports[`renders a resume 1`] = `
"<!doctype html>
    <html lang="en" style="--color-background-light:lightgray; --color-background-dark:darkgray;">
      <head>
        <meta charset="utf-8" />
        
    <title>Richard Hendriks</title>
    <meta name="description" content="Richard hails from Tulsa. He has earned degrees from the University of Oklahoma and Stanford. (Go Sooners and Cardinal!) Before starting Pied Piper, he worked for Hooli as a part time software developer. While his work focuses on applied information theory, mostly optimizing lossless compression schema of both the length-limited and adaptive variants, his non-work interests range widely, everything from quantum computing to chaos theory. He could tell you about it, but THAT would NOT be a “length-limited” conversation!" />
  
        <meta name="viewport" content="width=device-width, initial-scale=1" />
        <link rel="stylesheet" href="https://fonts.googleapis.com/css?family=Lato:300,400,700&display=swap" />
        <link
          rel="stylesheet"
          href="https://cdnjs.cloudflare.com/ajax/libs/material-design-iconic-font/2.2.0/css/material-design-iconic-font.min.css"
        />
        
        <script type="module">
          const pluralize = (num, str) => \`\${num} \${num === 1 ? str : str.concat('s')}\`

class TimeDuration extends HTMLElement {
  connectedCallback() {
    const [from, to] = this.querySelectorAll('time')
    if (!from) return

    const startDate = new Date(from.dateTime || from.textContent)
    const endDate = new Date(to ? to.dateTime || to.textContent : Date.now())
    const diffDate = new Date(endDate - startDate)

    const years = diffDate.getFullYear() - 1970
    const months = diffDate.getMonth()
    const days = diffDate.getDate() - 1

    const segments = [
      years && pluralize(years, 'yr'),
      months && pluralize(months, 'mo'),
      days && !years && !months && pluralize(days, 'day'),
    ].filter(Boolean)
    if (!segments.length) return

    const duration = document.createElement('time')
    duration.classList.add('duration')
    duration.textContent = '· '.concat(segments.join(' '))

    this.append(' ', duration)
  }
}

customElements.define('time-duration', TimeDuration)

        </script>
      </head>
      <body>
        
    <header class="masthead">
      <img src="image.jpg" alt="" />
      <div>
        <div class="title-row">
          <h1>Richard Hendriks</h1>
          
            <div class="icon-item">
              <i class="zmdi zmdi-pin"></i>
              <span>San Francisco, United States</span>
            </div>
          
        </div>
        <h2>Programmer</h2>
      </div>
      <article><p>Richard hails from Tulsa. He has earned degrees from the University of Oklahoma and Stanford. (Go Sooners and Cardinal!) Before starting Pied Piper, he worked for Hooli as a part time software developer. While his work focuses on applied information theory, mostly optimizing lossless compression schema of both the length-limited and adaptive variants, his non-work interests range widely, everything from quantum computing to chaos theory. He could tell you about it, but THAT would NOT be a “length-limited” conversation!</p></article>
      <ul class="icon-list">
        
          <li class="icon-item">
            <i class="zmdi zmdi-email"></i>
            <a href="mailto:richard.hendriks@mail.com">richard.hendriks@mail.com</a>
          </li>
        
        
          <li class="icon-item">
            <i class="zmdi zmdi-smartphone"></i>
            <a href="tel:(912)555-4321">(912) 555-4321</a>
          </li>
        
        <li class="icon-item"><i class="zmdi zmdi-link"></i> <a href="http://richardhendricks.example.com">richardhendricks.example.com</a></li>
        
            <li class="icon-item"><i class="zmdi zmdi-twitter"></i> <a href="https://www.twitter.com">neutralthoughts</a></li>
          
            <li class="icon-item"><i class="zmdi zmdi-soundcloud"></i> <a href="https://soundcloud.example.com/dandymusicnl">dandymusicnl</a></li>
          
      </ul>
    </header>
  
        <div class="main-content">
          
      <section id="work">
        <h3>Experience</h3>
        
        <div class="stack">
          
      <article>
        <header>
          <h4>CEO/President</h4>
          
        </header>
        
                <div class="single">
                  <div class="timeline">
                    
                        <div>
                          <div>
                            
                            <span>
                              <strong class="discrete-link"><a href="http://piedpiper.example.com">Pied Piper</a></strong>
                              <span class="meta">
                                · Palo Alto, CA
                              </span>
                            </span>
                            <div class="meta"><div><time-duration><time datetime="2013-12-01">Dec 2013</time> – <time datetime="2014-12-01">Dec 2014</time></time-duration></div></div>
                          </div>
                          <p>Pied Piper is a multi-platform technology based on a proprietary universal compression algorithm that has consistently fielded high Weisman Scores™ that are not merely competitive, but approach the theoretical limit of lossless compression.</p>
                          
                            <ul>
                              <li><p>Build an algorithm for artist to detect if their music was violating copy right infringement laws</p></li><li><p>Successfully won Techcrunch Disrupt</p></li><li><p>Optimized an algorithm that holds the current world record for Weisman Scores</p></li>
                            </ul>
                          
                        </div>
                      
                  </div>
                </div>
              
      </article>
    
        </div>
      
      </section>
     
      <section id="volunteer">
        <h3>Volunteer</h3>
        
        <div class="stack">
          
      <article>
        <header>
          <h4><a href="http://coderdojo.example.com/">CoderDojo</a></h4>
          <div class="meta"><div>
                  <strong>Teacher</strong>
                  <div><time-duration><time datetime="2012-01-01">Jan 2012</time> – <time datetime="2013-01-01">Jan 2013</time></time-duration></div>
                </div></div>
        </header>
        
                  <p>Global movement of free coding clubs for young people.</p>
                  
                    <ul>
                      <li><p>Awarded 'Teacher of the Month'</p></li>
                    </ul>
                  
                
      </article>
    
        </div>
      
      </section>
     
      <section id="education">
        <h3>Education</h3>
        
        <div class="stack">
          
      <article>
        <header>
          <h4><a href="https://www.ou.edu/">University of Oklahoma</a></h4>
          <div class="meta"><span>
                  <strong>Bachelor</strong>
                  <span>· Information Technology</span>
                </span>
                <div><div><time-duration><time datetime="2011-06-01">Jun 2011</time> – <time datetime="2014-01-01">Jan 2014</time></time-duration></div></div></div>
        </header>
        
                
                  <ul>
                    <li><p>DB1101 - Basic SQL</p></li><li><p>CS2011 - Java Introduction</p></li>
                  </ul>
                
              
      </article>
    
        </div>
      
      </section>
    
          
      <section id="projects">
        <h3>Projects</h3>
         <div class="stack">
        
      <article>
        <header>
          <h4><a href="http://missdirection.example.com">Miss Direction</a></h4>
          <div class="meta"><div>
                  <strong>Team lead and Designer</strong>
                  at <strong>Smoogle</strong>
                </div>
                <div><time datetime="2016-08-24">Aug 2016</time></div> <div>application</div></div>
        </header>
        
                <p>A mapping engine that misguides you</p>
                
                  <ul>
                    <li><p>Won award at AIHacks 2016</p></li><li><p>Built by all women team of newbie programmers</p></li><li><p>Using modern technologies such as GoogleMaps, Chrome Extension and Javascript</p></li>
                  </ul>
                
                
                  <ul class="tag-list">
                    <li>GoogleMaps</li><li>Chrome Extension</li><li>Javascript</li>
                  </ul>
                
              
      </article>
    
      </div>
      </section>
     
      <section id="awards">
        <h3>Awards</h3>
        
        <div class="stack">
          
      <article>
        <header>
          <h4>Digital Compression Pioneer Award</h4>
          <div class="meta"><div>Awarded by <strong>Techcrunch</strong></div> <time datetime="2014-11-01">Nov 2014</time></div>
        </header>
        <p>There is no spoon.</p>
      </article>
    
        </div>
      
      </section>
     
          
      <section id="publications">
        <h3>Publications</h3>
        
        <div class="stack">
          
      <article>
        <header>
          <h4><a href="http://en.wikipedia.org/wiki/Silicon_Valley_(TV_series)">Video compression for 3d media</a></h4>
          <div class="meta"><div>
                <div>Published by <strong>Hooli</strong></div>
                <time datetime="2014-10-01">Oct 2014</time>
              </div></div>
        </header>
        <p>Innovative middle-out compression algorithm that changes the way we store data.</p>
      </article>
    
        </div>
      
      </section>
    
        </div>
        <div class="side-content">
          
      <section id="skills">
        <h3>Skills</h3>
        
        <div class="grid-list">
          
              <div>
                <h5>Web Development</h5>
                
                  <ul class="tag-list">
                    <li>HTML</li><li>CSS</li><li>Javascript</li>
                  </ul>
                
              </div>
            
              <div>
                <h5>Compression</h5>
                
                  <ul class="tag-list">
                    <li>Mpeg</li><li>MP4</li><li>GIF</li>
                  </ul>
                
              </div>
            
        </div>
      
      </section>
     
      <section id="languages">
        <h3>Languages</h3>
        
        <div class="grid-list">
          <div><h5>English</h5> Native speaker</div>
        </div>
      
      </section>
     
      <section id="interests">
        <h3>Interests</h3>
        
        <div class="grid-list">
          
              <div>
                <h5>Wildlife</h5>
                
                  <ul class="tag-list">
                    <li>Ferrets</li><li>Unicorns</li>
                  </ul>
                
              </div>
            
        </div>
      
      </section>
    
          
      <section id="references">
        <h3>References</h3>
        
        <div class="stack">
          
              <blockquote>
                <p>It is my pleasure to recommend Richard, his performance working as a consultant for Main St. Company proved that he will be a valuable addition to any company.</p>
                
                  <p>
                    <cite>Erlich Bachman</cite>
                  </p>
                
              </blockquote>
            
        </div>
      
      </section>
    
        </div>
      </body>
    </html>"
`;
